NOMGR.cpp: In function 'Simp_Queue* simp_queue_dequeue(Simp_Queue*)':
NOMGR.cpp:436:43: error: 'Simp_Queue' {aka 'struct Simp_Queue_tag'} has no member named 'trade_check'
  436 |         bool is_sat = check_trade(s, ret->trade_check, true);
      |                                           ^~~~~~~~~~~
NOMGR.cpp: In function 'void make_offer(Market*, long long int*, long long int, long long int, Voucher*, long long int, long long int, long long int*, long long int, long long int, Voucher*, long long int, long long int, long long int*, long long int, long long int, long long int, long long int, long long int, long long int, long long int, long long int*, long long int, long long int, long long int*, long long int, long long int, long long int*, long long int, long long int, long long int*, long long int, long long int, long long int*, long long int, long long int, long long int*, long long int, long long int)':
NOMGR.cpp:451:36: error: too few arguments to function 'Offer* create_offer(Market*, long long int*, long long int, long long int, Voucher*, long long int, long long int, long long int*, long long int, long long int, Voucher*, long long int, long long int, long long int*, long long int, long long int, long long int, long long int, long long int, long long int, long long int, long long int*, long long int, long long int, long long int*, long long int, long long int, long long int*, long long int, long long int, long long int*, long long int, long long int, long long int*, long long int, long long int, long long int*, long long int, long long int, long long int*, long long int, long long int)'
  451 |         Offer* offer = create_offer(market, participants_offering, participants_offering_vtop, participants_offering_vcap, give, give_vtop, give_vcap, give_voucher_counts, give_voucher_counts_vtop, give_voucher_counts_vcap, receive, receive_vtop, receive_vcap, receive_voucher_counts, receive_voucher_counts_vtop, receive_voucher_counts_vcap,
      |                        ~~~~~~~~~~~~^~~~~~~~~~~~~~~~~~~~~~~~~~~~~~~~~~~~~~~~~~~~~~~~~~~~~~~~~~~~~~~~~~~~~~~~~~~~~~~~~~~~~~~~~~~~~~~~~~~~~~~~~~~~~~~~~~~~~~~~~~~~~~~~~~~~~~~~~~~~~~~~~~~~~~~~~~~~~~~~~~~~~~~~~~~~~~~~~~~~~~~~~~~~~~~~~~~~~~~~~~~~~~~~~~~~~~~~~~~~~~~~~~~~~~~~~~~~~~~~~~~~~~~~~~~~~~~~~~~~~~~~~~~~~~~~~~~~~~~~~~~~~~~~~~~~~~~~~~~~~~~~~~~
  452 |         valid_start, valid_end, subscription_interval, interval_type, intervals,
      |         ~~~~~~~~~~~~~~~~~~~~~~~~~~~~~~~~~~~~~~~~~~~~~~~~~~~~~~~~~~~~~~~~~~~~~~~~
  453 |         insurance_policies_accepted, insurance_policies_accepted_vtop, insurance_policies_accepted_vcap, insurance_policies_applied, insurance_policies_applied_vtop, insurance_policies_applied_vcap,
      |         ~~~~~~~~~~~~~~~~~~~~~~~~~~~~~~~~~~~~~~~~~~~~~~~~~~~~~~~~~~~~~~~~~~~~~~~~~~~~~~~~~~~~~~~~~~~~~~~~~~~~~~~~~~~~~~~~~~~~~~~~~~~~~~~~~~~~~~~~~~~~~~~~~~~~~~~~~~~~~~~~~~~~~~~~~~~~~~~~~~~~~~~~~~~~~~
  454 |         participants_require, participants_require_vtop, participants_require_vcap, participants_ban, participants_ban_vtop, participants_ban_vcap,
      |         ~~~~~~~~~~~~~~~~~~~~~~~~~~~~~~~~~~~~~~~~~~~~~~~~~~~~~~~~~~~~~~~~~~~~~~~~~~~~~~~~~~~~~~~~~~~~~~~~~~~~~~~~~~~~~~~~~~~~~~~~~~~~~~~~~~~~~~~~~~~
  455 |         require, require_vtop, require_vcap, bans, bans_vtop, bans_vcap);
      |         ~~~~~~~~~~~~~~~~~~~~~~~~~~~~~~~~~~~~~~~~~~~~~~~~~~~~~~~~~~~~~~~~
In file included from NOMGR.cpp:7:
NOMGR.hpp:605:8: note: declared here
  605 | Offer* create_offer(Market* market, __int64* participants_offering, __int64 participants_offering_vtop, __int64 participants_offering_vcap, Voucher* give, __int64 give_vtop, __int64 give_vcap, __int64* give_voucher_counts, __int64 give_voucher_counts_vtop, __int64 give_voucher_counts_vcap, Voucher* receive, __int64 receive_vtop, __int64 receive_vcap, __int64* receive_voucher_counts, __int64 receive_voucher_counts_vtop, __int64 receive_voucher_counts_vcap,
      |        ^~~~~~~~~~~~
NOMGR.cpp:459:52: error: 'participant_id' was not declared in this scope; did you mean 'participant_ix'?
  459 |                 if (market->participants[i]->id == participant_id) {
      |                                                    ^~~~~~~~~~~~~~
      |                                                    participant_ix
NOMGR.cpp: In function 'Offer* create_offer(Market*, long long int*, long long int, long long int, Voucher*, long long int, long long int, long long int*, long long int, long long int, Voucher*, long long int, long long int, long long int*, long long int, long long int, long long int, long long int, long long int, long long int, long long int, long long int*, long long int, long long int, long long int*, long long int, long long int, long long int*, long long int, long long int, long long int*, long long int, long long int, long long int*, long long int, long long int, long long int*, long long int, long long int)':
NOMGR.cpp:705:38: error: cannot convert 'long long int*' to 'Voucher*' {aka 'Voucher_tag*'} in assignment
  705 |     offer->gives = simp_vector_create(give_vtop+1);
      |                    ~~~~~~~~~~~~~~~~~~^~~~~~~~~~~~~
      |                                      |
      |                                      long long int*
NOMGR.cpp:707:41: error: cannot convert 'long long int*' to 'Voucher*' {aka 'Voucher_tag*'} in assignment
  707 |     offer->receives = simp_vector_create(16);
      |                       ~~~~~~~~~~~~~~~~~~^~~~
      |                                         |
      |                                         long long int*
NOMGR.cpp: In function 'int id_pool_retrieve(long long int*, long long int*, long long int*)':
NOMGR.cpp:871:28: error: invalid conversion from 'long long int' to 'long long int**' [-fpermissive]
  871 |         simp_vector_append(*id_pool, id_pool_vtop, id_pool_vcap, 0);
      |                            ^~~~~~~~
      |                            |
      |                            long long int
NOMGR.cpp:386:35: note:   initializing argument 1 of 'void simp_vector_append(long long int**, long long int*, long long int*, long long int)'
  386 | void simp_vector_append(__int64** v, __int64* vtop, __int64* vcap, __int64 data) {
      |                                   ^
NOMGR.cpp: In function 'Account* create_account(Market*, long long int, Voucher*, long long int*, long long int, long long int, long long int, long long int)':
NOMGR.cpp:1038:14: error: 'Account' {aka 'struct Account_tag'} has no member named 'vouchers'; did you mean 'vouchers_vtop'?
 1038 |     account->vouchers = vouchers;
      |              ^~~~~~~~
      |              vouchers_vtop
NOMGR.cpp: In function 'Bank* create_bank(Market*, Account*, Participant**, long long int, long long int, long long int, long long int)':
NOMGR.cpp:1054:26: error: cannot convert 'Account*' {aka 'Account_tag*'} to 'long long int*' in assignment
 1054 |         bank->accounts = accounts;
      |                          ^~~~~~~~
      |                          |
      |                          Account* {aka Account_tag*}
NOMGR.cpp:1055:33: error: cannot convert 'Participant**' {aka 'Participant_tag**'} to 'long long int*' in assignment
 1055 |         bank->account_holders = account_holders;
      |                                 ^~~~~~~~~~~~~~~
      |                                 |
      |                                 Participant** {aka Participant_tag**}
NOMGR.cpp: At global scope:
NOMGR.cpp:1065:14: error: redefinition of 'Participant* create_participant(Market*)'
 1065 | Participant* create_participant(Market* market) {
      |              ^~~~~~~~~~~~~~~~~~
NOMGR.cpp:1016:14: note: 'Participant* create_participant(Market*)' previously defined here
 1016 | Participant* create_participant(Market* market) {
      |              ^~~~~~~~~~~~~~~~~~
NOMGR.cpp: In function 'Trade_Check* create_trade_check(Market*)':
NOMGR.cpp:1132:42: error: cannot convert 'Offer***' {aka 'Offer_tag***'} to 'long long int*'
 1132 |         __int64 offer = simp_vector_read(&(market->barter_system->offers), &(market->barter_system->offers_vtop), (market->barter_system->offers_vcap), i);
      |                                          ^~~~~~~~~~~~~~~~~~~~~~~~~~~~~~~~
      |                                          |
      |                                          Offer*** {aka Offer_tag***}
NOMGR.cpp:378:35: note:   initializing argument 1 of 'long long int simp_vector_read(long long int*, long long int, long long int, long long int)'
  378 | __int64 simp_vector_read(__int64* v, __int64 vtop, __int64 vcap, __int64 loc) {
      |                                   ^
NOMGR.cpp:1134:57: error: 'Barter_System' {aka 'struct Barter_System_tag'} has no member named 'offers_gives_vtop'; did you mean 'offers_vtop'?
 1134 |         for (__int64 j = 0; j <= market->barter_system->offers_gives_vtop + 1; j++) {
      |                                                         ^~~~~~~~~~~~~~~~~
      |                                                         offers_vtop
NOMGR.cpp:1136:70: error: 'Barter_System' {aka 'struct Barter_System_tag'} has no member named 'offers_gives'
 1136 |             __int64 give = simp_vector_read(&(market->barter_system->offers_gives), &(market->barter_system->offers_gives_vtop), (market->barter_system->offers_gives_vcap), j);
      |                                                                      ^~~~~~~~~~~~
NOMGR.cpp:1136:110: error: 'Barter_System' {aka 'struct Barter_System_tag'} has no member named 'offers_gives_vtop'; did you mean 'offers_vtop'?
 1136 |             __int64 give = simp_vector_read(&(market->barter_system->offers_gives), &(market->barter_system->offers_gives_vtop), (market->barter_system->offers_gives_vcap), j);
      |                                                                                                              ^~~~~~~~~~~~~~~~~
      |                                                                                                              offers_vtop
NOMGR.cpp:1136:154: error: 'Barter_System' {aka 'struct Barter_System_tag'} has no member named 'offers_gives_vcap'; did you mean 'offers_vcap'?
 1136 |             __int64 give = simp_vector_read(&(market->barter_system->offers_gives), &(market->barter_system->offers_gives_vtop), (market->barter_system->offers_gives_vcap), j);
      |                                                                                                                                                          ^~~~~~~~~~~~~~~~~
      |                                                                                                                                                          offers_vcap
NOMGR.cpp:1138:111: error: 'offer_ix' was not declared in this scope; did you mean 'offer'?
 1138 |             simp_vector_append(&(trade_check->lst_l), &(trade_check->lst_l_vtop), &(trade_check->lst_l_vcap), offer_ix);
      |                                                                                                               ^~~~~~~~
      |                                                                                                               offer
NOMGR.cpp:1144:40: error: 'Barter_System' {aka 'struct Barter_System_tag'} has no member named 'offers_gives_classifications'
 1144 |             if (market->barter_system->offers_gives_classifications == gold)
      |                                        ^~~~~~~~~~~~~~~~~~~~~~~~~~~~
NOMGR.cpp:1145:47: error: base operand of '->' is not a pointer
 1145 |                 for (__int64 k = 0; k <= offer->gives_vtop + 1; k++) {
      |                                               ^~
NOMGR.cpp:1147:49: error: 'retrieve_gold_milligram' was not declared in this scope; did you mean 'retrieve_gold_milligrams_id'?
 1147 |                     __int64 gold_milligram_id = retrieve_gold_milligram(market->id_pool, gold_milligram_ix);
      |                                                 ^~~~~~~~~~~~~~~~~~~~~~~
      |                                                 retrieve_gold_milligrams_id
NOMGR.cpp:1169:57: error: 'Barter_System' {aka 'struct Barter_System_tag'} has no member named 'offers_receives_vtop'
 1169 |         for (__int64 j = 0; j <= market->barter_system->offers_receives_vtop + 1; j++) {
      |                                                         ^~~~~~~~~~~~~~~~~~~~
NOMGR.cpp:1171:85: error: 'Barter_System' {aka 'struct Barter_System_tag'} has no member named 'offers_receives'
 1171 |                         __int64 receive = simp_vector_read(&(market->barter_system->offers_receives), &(market->barter_system->offers_receives_vtop), (market->barter_system->offers_receives_vcap), j);
      |                                                                                     ^~~~~~~~~~~~~~~
NOMGR.cpp:1171:128: error: 'Barter_System' {aka 'struct Barter_System_tag'} has no member named 'offers_receives_vtop'
 1171 |                         __int64 receive = simp_vector_read(&(market->barter_system->offers_receives), &(market->barter_system->offers_receives_vtop), (market->barter_system->offers_receives_vcap), j);
      |                                                                                                                                ^~~~~~~~~~~~~~~~~~~~
NOMGR.cpp:1171:175: error: 'Barter_System' {aka 'struct Barter_System_tag'} has no member named 'offers_receives_vcap'
 1171 |                         __int64 receive = simp_vector_read(&(market->barter_system->offers_receives), &(market->barter_system->offers_receives_vtop), (market->barter_system->offers_receives_vcap), j);
      |                                                                                                                                                                               ^~~~~~~~~~~~~~~~~~~~
NOMGR.cpp:1173:111: error: 'offers_ix' was not declared in this scope
 1173 |             simp_vector_append(&(trade_check->lst_l), &(trade_check->lst_l_vtop), &(trade_check->lst_l_vcap), offers_ix);
      |                                                                                                               ^~~~~~~~~
NOMGR.cpp:1179:40: error: 'Barter_System' {aka 'struct Barter_System_tag'} has no member named 'offers_receives_classifications'
 1179 |             if (market->barter_system->offers_receives_classifications == gold)
      |                                        ^~~~~~~~~~~~~~~~~~~~~~~~~~~~~~~
NOMGR.cpp:1180:47: error: base operand of '->' is not a pointer
 1180 |                 for (__int64 k = 0; k <= offer->receives_vtop+1; k++) {
      |                                               ^~
NOMGR.cpp:1195:57: error: 'Barter_System' {aka 'struct Barter_System_tag'} has no member named 'offers_require_vtop'
 1195 |         for (__int64 j = 0; j <= market->barter_system->offers_require_vtop + 1; j++) {
      |                                                         ^~~~~~~~~~~~~~~~~~~
NOMGR.cpp:1197:73: error: 'Barter_System' {aka 'struct Barter_System_tag'} has no member named 'offers_requires'
 1197 |             __int64 require = simp_vector_read(&(market->barter_system->offers_requires), &(market->barter_system->offers_requires_vtop), (market->barter_system->offers_requires_vcap), j);
      |                                                                         ^~~~~~~~~~~~~~~
NOMGR.cpp:1197:116: error: 'Barter_System' {aka 'struct Barter_System_tag'} has no member named 'offers_requires_vtop'
 1197 |             __int64 require = simp_vector_read(&(market->barter_system->offers_requires), &(market->barter_system->offers_requires_vtop), (market->barter_system->offers_requires_vcap), j);
      |                                                                                                                    ^~~~~~~~~~~~~~~~~~~~
NOMGR.cpp:1197:163: error: 'Barter_System' {aka 'struct Barter_System_tag'} has no member named 'offers_requires_vcap'
 1197 |             __int64 require = simp_vector_read(&(market->barter_system->offers_requires), &(market->barter_system->offers_requires_vtop), (market->barter_system->offers_requires_vcap), j);
      |                                                                                                                                                                   ^~~~~~~~~~~~~~~~~~~~
NOMGR.cpp:1207:57: error: 'Barter_System' {aka 'struct Barter_System_tag'} has no member named 'offers_bans_vtop'; did you mean 'offers_vtop'?
 1207 |         for (__int64 j = 0; j <= market->barter_system->offers_bans_vtop + 1; j++) {
      |                                                         ^~~~~~~~~~~~~~~~
      |                                                         offers_vtop
NOMGR.cpp:1209:69: error: 'Barter_System' {aka 'struct Barter_System_tag'} has no member named 'offers_bans'
 1209 |             __int64 ban = simp_vector_read(&(market->barter_system->offers_bans), &(market->barter_system->offers_bans_vtop), (market->barter_system->offers_bans_vcap), j);
      |                                                                     ^~~~~~~~~~~
NOMGR.cpp:1209:108: error: 'Barter_System' {aka 'struct Barter_System_tag'} has no member named 'offers_bans_vtop'; did you mean 'offers_vtop'?
 1209 |             __int64 ban = simp_vector_read(&(market->barter_system->offers_bans), &(market->barter_system->offers_bans_vtop), (market->barter_system->offers_bans_vcap), j);
      |                                                                                                            ^~~~~~~~~~~~~~~~
      |                                                                                                            offers_vtop
NOMGR.cpp:1209:151: error: 'Barter_System' {aka 'struct Barter_System_tag'} has no member named 'offers_bans_vcap'; did you mean 'offers_vcap'?
 1209 |             __int64 ban = simp_vector_read(&(market->barter_system->offers_bans), &(market->barter_system->offers_bans_vtop), (market->barter_system->offers_bans_vcap), j);
      |                                                                                                                                                       ^~~~~~~~~~~~~~~~
      |                                                                                                                                                       offers_vcap
NOMGR.cpp:1218:57: error: 'Barter_System' {aka 'struct Barter_System_tag'} has no member named 'offers_insurance_policies_required_vtop'
 1218 |         for (__int64 j = 0; j <= market->barter_system->offers_insurance_policies_required_vtop + 1; j++) {
      |                                                         ^~~~~~~~~~~~~~~~~~~~~~~~~~~~~~~~~~~~~~~
NOMGR.cpp:1220:48: error: cannot convert 'long long int**' to 'long long int*'
 1220 |             __int64 require = simp_vector_read(&(market->barter_system->offers[i]->insurance_policies_required), &(market->barter_system->offers[i]->insurance_policies_required_vtop), &(market->barter_system->offers[i]->insurance_policies_required_vcap), j);
      |                                                ^~~~~~~~~~~~~~~~~~~~~~~~~~~~~~~~~~~~~~~~~~~~~~~~~~~~~~~~~~~~~~~~
      |                                                |
      |                                                long long int**
NOMGR.cpp:378:35: note:   initializing argument 1 of 'long long int simp_vector_read(long long int*, long long int, long long int, long long int)'
  378 | __int64 simp_vector_read(__int64* v, __int64 vtop, __int64 vcap, __int64 loc) {
      |                                   ^
NOMGR.cpp:1222:111: error: 'offer_ix' was not declared in this scope; did you mean 'offer'?
 1222 |             simp_vector_append(&(trade_check->lst_l), &(trade_check->lst_l_vtop), &(trade_check->lst_l_vcap), offer_ix);
      |                                                                                                               ^~~~~~~~
      |                                                                                                               offer
NOMGR.cpp:1230:57: error: 'Barter_System' {aka 'struct Barter_System_tag'} has no member named 'offers_insurance_policies_applied_vtop'
 1230 |         for (__int64 j = 0; i <= market->barter_system->offers_insurance_policies_applied_vtop + 1; j++) {
      |                                                         ^~~~~~~~~~~~~~~~~~~~~~~~~~~~~~~~~~~~~~
NOMGR.cpp:1232:48: error: cannot convert 'long long int**' to 'long long int*'
 1232 |             __int64 applied = simp_vector_read(&(market->barter_system->offers[i]->insurance_policies_applied), &(market->barter_system->offers[i]->insurance_policies_applied_vtop), &(market->barter_system->offers[i]->insurance_policies_applied_vcap), j);
      |                                                ^~~~~~~~~~~~~~~~~~~~~~~~~~~~~~~~~~~~~~~~~~~~~~~~~~~~~~~~~~~~~~~
      |                                                |
      |                                                long long int**
NOMGR.cpp:378:35: note:   initializing argument 1 of 'long long int simp_vector_read(long long int*, long long int, long long int, long long int)'
  378 | __int64 simp_vector_read(__int64* v, __int64 vtop, __int64 vcap, __int64 loc) {
      |                                   ^
NOMGR.cpp:1234:111: error: 'offer_ix' was not declared in this scope; did you mean 'offer'?
 1234 |             simp_vector_append(&(trade_check->lst_l), &(trade_check->lst_l_vtop), &(trade_check->lst_l_vcap), offer_ix);
      |                                                                                                               ^~~~~~~~
      |                                                                                                               offer
NOMGR.cpp:1242:57: error: 'Barter_System' {aka 'struct Barter_System_tag'} has no member named 'offers_insurance_policies_accepted_vtop'
 1242 |         for (__int64 j = 0; j <= market->barter_system->offers_insurance_policies_accepted_vtop + 1; j++) {
      |                                                         ^~~~~~~~~~~~~~~~~~~~~~~~~~~~~~~~~~~~~~~
NOMGR.cpp:1244:49: error: cannot convert 'long long int**' to 'long long int*'
 1244 |             __int64 accepted = simp_vector_read(&(market->barter_system->offers[i]->insurance_policies_accepted), &(market->barter_system->offers[i]->insurance_policies_accepted_vtop), &(market->barter_system->offers[i]->insurance_policies_accepted_vcap), j);
      |                                                 ^~~~~~~~~~~~~~~~~~~~~~~~~~~~~~~~~~~~~~~~~~~~~~~~~~~~~~~~~~~~~~~~
      |                                                 |
      |                                                 long long int**
NOMGR.cpp:378:35: note:   initializing argument 1 of 'long long int simp_vector_read(long long int*, long long int, long long int, long long int)'
  378 | __int64 simp_vector_read(__int64* v, __int64 vtop, __int64 vcap, __int64 loc) {
      |                                   ^
NOMGR.cpp:1246:111: error: 'offers_ix' was not declared in this scope
 1246 |             simp_vector_append(&(trade_check->lst_l), &(trade_check->lst_l_vtop), &(trade_check->lst_l_vcap), offers_ix);
      |                                                                                                               ^~~~~~~~~
NOMGR.cpp:1247:112: error: 'insurance_policies_accepted_ix' was not declared in this scope; did you mean 'insurance_policy_accepted'?
 1247 |             simp_vector_append(&(trade_check->lst_r), &(trade_check->lst_r_vtop), &(trade_check->lst_r_vcap), -insurance_policies_accepted_ix);
      |                                                                                                                ^~~~~~~~~~~~~~~~~~~~~~~~~~~~~~
      |                                                                                                                insurance_policy_accepted
NOMGR.cpp:1259:56: error: cannot convert 'Participant***' {aka 'Participant_tag***'} to 'long long int*'
 1259 |                 __int64 participant = simp_vector_read(&(market->participants), &(market->participants_vtop), &(market->participants_vcap), i);
      |                                                        ^~~~~~~~~~~~~~~~~~~~~~~
      |                                                        |
      |                                                        Participant*** {aka Participant_tag***}
NOMGR.cpp:378:35: note:   initializing argument 1 of 'long long int simp_vector_read(long long int*, long long int, long long int, long long int)'
  378 | __int64 simp_vector_read(__int64* v, __int64 vtop, __int64 vcap, __int64 loc) {
      |                                   ^
NOMGR.cpp:1263:43: error: 'simple_vector_read' was not declared in this scope; did you mean 'simp_vector_read'?
 1263 |                         __int64 require = simple_vector_read(&(market->participants[i]->require), &(market->participants[i]->require_vtop), &(market->participants[i]->require_vcap), j);
      |                                           ^~~~~~~~~~~~~~~~~~
      |                                           simp_vector_read
NOMGR.cpp:1275:27: error: 'simple_vector_read' was not declared in this scope; did you mean 'simp_vector_read'?
 1275 |             __int64 ban = simple_vector_read(&(market->participants[i]->bans), &(market->participants[i]->bans_vtop), &(market->participants[i]->bans_vcap), j);
      |                           ^~~~~~~~~~~~~~~~~~
      |                           simp_vector_read
NOMGR.cpp:1278:116: error: expected ';' before 'simp_vector_append'
 1278 |             simp_vector_append(&(trade_check->lst_r), &(trade_check->lst_r_vtop), &(trade_check->lst_r_vcap), -ban)
      |                                                                                                                    ^
      |                                                                                                                    ;
 1279 | 
 1280 |             simp_vector_append(&(trade_check->vocabumalary_tracker_class), &(trade_check->vocabumalary_tracker_class_vtop), &(trade_check->vocabumalary_tracker_class_vcap), ban_participant);
      |             ~~~~~~~~~~~~~~~~~~                                                                                      
NOMGR.cpp:1291:21: error: a function-definition is not allowed here before '{' token
 1291 | Code* create_code() {
      |                     ^
NOMGR.cpp:1303:37: error: a function-definition is not allowed here before '{' token
 1303 | Legal_System* create_legal_system() {
      |                                     ^
NOMGR.cpp:1313:23: error: a function-definition is not allowed here before '{' token
 1313 | Vault* create_vault() {
      |                       ^
NOMGR.cpp:1324:25: error: a function-definition is not allowed here before '{' token
 1324 | System* create_system() {
      |                         ^
NOMGR.cpp:1335:83: error: a function-definition is not allowed here before '{' token
 1335 | void check_trade(SATSolver* s, Trade_Check* trade_check, bool** sln, bool repeat) {
      |                                                                                   ^
NOMGR.cpp:1515:107: error: a function-definition is not allowed here before '{' token
 1515 | bool* SATSolver_create_boundary(bool begin, __int64 chop, __int64 offs, __int64 n, __int64 leading_trues) {
      |                                                                                                           ^
NOMGR.cpp:1545:113: error: a function-definition is not allowed here before '{' token
 1545 | void SATSolver_create(SATSolver*** s, __int64* lst_l_parm, __int64* lst_r_parm, __int64 k_parm, __int64 n_parm) {
      |                                                                                                                 ^
NOMGR.cpp:1617:40: error: a function-definition is not allowed here before '{' token
 1617 | void SATSolver_destroy(SATSolver*** s) {
      |                                        ^
NOMGR.cpp:1650:47: error: a function-definition is not allowed here before '{' token
 1650 | bool bool_equals(bool* A, bool* B, __int64 n) {
      |                                               ^
NOMGR.cpp:1659:47: error: a function-definition is not allowed here before '{' token
 1659 | bool SATSolver_isSat(SATSolver* s, bool* sln) {
      |                                               ^
NOMGR.cpp:1911:193: error: a function-definition is not allowed here before '{' token
 1911 | void thread_2SAT(bool* arr, bool* is_sat, __int64* lst_l_parm, __int64* lst_r_parm, __int64 k_parm, __int64 n_parm, bool* is_f, bool* is_t, __int64 chops, __int64 chop, __int64 leading_trues) {
      |                                                                                                                                                                                                 ^
NOMGR.cpp:1925:199: error: a function-definition is not allowed here before '{' token
 1925 | bool SATSolver_threads(bool* arr, bool* is_sat, __int64* lst_l_parm, __int64* lst_r_parm, __int64 k_parm, __int64 n_parm, bool* is_f, bool* is_t, __int64 chops, __int64 chop, __int64 leading_trues) {
      |                                                                                                                                                                                                       ^
NOMGR.cpp:1965:9: warning: empty parentheses were disambiguated as a function declaration [-Wvexing-parse]
 1965 | int main() {
      |         ^~
NOMGR.cpp:1965:9: note: remove parentheses to default-initialize a variable
 1965 | int main() {
      |         ^~
      |         --
NOMGR.cpp:1965:9: note: or replace parentheses with braces to value-initialize a variable
NOMGR.cpp:1965:12: error: a function-definition is not allowed here before '{' token
 1965 | int main() {
      |            ^
NOMGR.cpp:1966:2: error: expected '}' at end of input
 1966 | }
      |  ^
NOMGR.cpp:1108:49: note: to match this '{'
 1108 | Trade_Check* create_trade_check(Market* market) {
      |                                                 ^
